CPU Temp: [32m44.3[0m°C
GPU Temp: [32m44.4[0m°C
